[sso.ynov.com/login183e.html]
[backblue.gif]
[fade.gif]
[index.html]
[sso.ynov.com/favicon.ico]
[sso.ynov.com/webjars/jquery/3.3.1-1/jquery.min.js]
[sso.ynov.com/webjars/jquery-ui/1.12.1/jquery-ui.min.js]
[sso.ynov.com/webjars/zxcvbn/4.3.0/zxcvbn.js]
[sso.ynov.com/webjars/jquery-cookie/1.4.1-1/jquery.cookie.js]
[sso.ynov.com/webjars/bootstrap/4.1.3/js/bootstrap.bundle.min.js]
[sso.ynov.com/webjars/headjs/1.0.3/head.min.js]
[sso.ynov.com/js/cas0f0d.js]
[www.google-analytics.com/analytics.js]
[sso.ynov.com/login183e.html]
[sso.ynov.com/css/ynov0f0d.css]
[sso.ynov.com/images/logo_ynov_campus_blanc.svg]
[sso.ynov.com/images/spinner/1.svg]
[sso.ynov.com/images/spinner/2.svg]
[sso.ynov.com/images/spinner/3.svg]
[sso.ynov.com/images/spinner/4.svg]
[sso.ynov.com/images/spinner/5.svg]
[sso.ynov.com/images/spinner/6.svg]
[sso.ynov.com/images/spinner/7.svg]
[sso.ynov.com/images/spinner/8.svg]
[sso.ynov.com/images/spinner/9.svg]
[sso.ynov.com/images/spinner/10.svg]
[sso.ynov.com/images/spinner/11.svg]
[sso.ynov.com/images/spinner/12.svg]
[sso.ynov.com/images/spinner/13.svg]
[sso.ynov.com/images/spinner/14.svg]
[sso.ynov.com/images/spinner/15.svg]
[sso.ynov.com/images/spinner/16.svg]
[sso.ynov.com/images/spinner/17.svg]
[sso.ynov.com/images/spinner/18.svg]
[sso.ynov.com/images/fresque_rvb_couleur_repeat.svg]
